Microchip MPLAB XC8 Compiler V1.45 ()

Linker command line:

--edf=C:\Program Files (x86)\Microchip\xc8\v1.45\dat\en_msgs.txt -cs \
  -h+dist/default/production\Pic_12f1840.X.production.sym \
  --cmf=dist/default/production\Pic_12f1840.X.production.cmf -z -Q12F1840 \
  -oC:\Users\fred\AppData\Local\Temp\s99g.2 \
  -Mdist/default/production/Pic_12f1840.X.production.map -E1 -ver=XC8 \
  -ASTACK=02034h-020efh -pstack=STACK -ACODE=00h-07FFhx2 \
  -ASTRCODE=00h-0FFFh -ASTRING=00h-0FFhx16 -ACONST=00h-0FFhx16 \
  -AENTRY=00h-0FFhx16 -ACOMMON=070h-07Fh -ABANK0=020h-06Fh \
  -ABANK1=0A0h-0EFh -ABANK2=0120h-016Fh -ABIGRAM=02000h-020EFh \
  -ARAM=020h-06Fh,0A0h-0EFh,0120h-016Fh \
  -AABS1=020h-07Fh,0A0h-0EFh,0120h-016Fh -ASFR0=00h-01Fh -ASFR1=080h-09Fh \
  -ASFR2=0100h-011Fh -ASFR3=0180h-01EFh -ASFR4=0200h-026Fh \
  -ASFR5=0280h-02EFh -ASFR6=0300h-036Fh -ASFR7=0380h-03EFh \
  -ASFR8=0400h-046Fh -ASFR9=0480h-04EFh -ASFR10=0500h-056Fh \
  -ASFR11=0580h-05EFh -ASFR12=0600h-066Fh -ASFR13=0680h-06EFh \
  -ASFR14=0700h-076Fh -ASFR15=0780h-07EFh -ASFR16=0800h-086Fh \
  -ASFR17=0880h-08EFh -ASFR18=0900h-096Fh -ASFR19=0980h-09EFh \
  -ASFR20=0A00h-0A6Fh -ASFR21=0A80h-0AEFh -ASFR22=0B00h-0B6Fh \
  -ASFR23=0B80h-0BEFh -ASFR24=0C00h-0C6Fh -ASFR25=0C80h-0CEFh \
  -ASFR26=0D00h-0D6Fh -ASFR27=0D80h-0DEFh -ASFR28=0E00h-0E6Fh \
  -ASFR29=0E80h-0EEFh -ASFR30=0F00h-0F6Fh -ASFR31=0F80h-0FEFh \
  -preset_vec=00h,intentry=04h,init,end_init -ppowerup=CODE -pcinit=CODE \
  -pfunctab=ENTRY -ACONFIG=08007h-08008h -pconfig=CONFIG -DCONFIG=2 \
  -AIDLOC=08000h-08003h -pidloc=IDLOC -DIDLOC=2 -AEEDATA=00h-0FFh/0F000h \
  -peeprom_data=EEDATA -DEEDATA=2 -DCODE=2 -DSTRCODE=2 -DSTRING=2 -DCONST=2 \
  -DENTRY=2 -k C:\Users\fred\AppData\Local\Temp\s99g.obj \
  dist/default/production\Pic_12f1840.X.production.obj 

Object code version is 3.11

Machine type is 12F1840



                Name                               Link     Load   Length Selector   Space Scale
C:\Users\fred\AppData\Local\Temp\s99g.obj
                end_init                            12C      12C        2        8       0
                reset_vec                             0        0        2        0       0
                config                             8007     8007        1    1000E       0
dist/default/production\Pic_12f1840.X.production.obj
                cinit                               12E      12E        C        8       0
                intentry                              4        4      128        8       0
                text5                               19D      19D       2D        8       0
                text4                               16D      16D       30        8       0
                text3                               1F2      1F2       1E        8       0
                text2                               13A      13A       33        8       0
                maintext                            1CA      1CA       28        8       0
                cstackBANK0                          51       51        3       20       1
                cstackCOMMON                         70       70        D       70       1
                clrtext                             24C      24C        6      498       0
                bssBANK0                             20       20       31       20       1
                bssCOMMON                            7D       7D        1       70       1
                stringtext10                        246      246        6      420       0
                stringtext9                         240      240        6      420       0
                stringtext8                         23A      23A        6      420       0
                stringtext7                         234      234        6      420       0
                stringtext6                         22E      22E        6      420       0
                stringtext5                         228      228        6      420       0
                stringtext4                         222      222        6      420       0
                stringtext3                         21C      21C        6      420       0
                stringtext2                         216      216        6      420       0
                stringtext1                         210      210        6      420       0

TOTAL           Name                               Link     Load   Length     Space
        CLASS   STACK          

        CLASS   CODE           
                end_init                            12C      12C        2         0
                cinit                               12E      12E        C         0
                intentry                              4        4      128         0
                reset_vec                             0        0        2         0
                text5                               19D      19D       2D         0
                text4                               16D      16D       30         0
                text3                               1F2      1F2       1E         0
                text2                               13A      13A       33         0
                maintext                            1CA      1CA       28         0
                clrtext                             24C      24C        6         0

        CLASS   STRCODE        
                stringtext10                        246      246        6         0
                stringtext9                         240      240        6         0
                stringtext8                         23A      23A        6         0
                stringtext7                         234      234        6         0
                stringtext6                         22E      22E        6         0
                stringtext5                         228      228        6         0
                stringtext4                         222      222        6         0
                stringtext3                         21C      21C        6         0
                stringtext2                         216      216        6         0
                stringtext1                         210      210        6         0

        CLASS   STRING         

        CLASS   CONST          

        CLASS   ENTRY          

        CLASS   COMMON         
                cstackCOMMON                         70       70        D         1
                bssCOMMON                            7D       7D        1         1

        CLASS   BANK0          
                cstackBANK0                          51       51        3         1
                bssBANK0                             20       20       31         1

        CLASS   BANK1          

        CLASS   BANK2          

        CLASS   BIGRAM         

        CLASS   RAM            

        CLASS   ABS1           
                abs_s1                               7E       7E        2         1

        CLASS   SFR0           

        CLASS   SFR1           

        CLASS   SFR2           

        CLASS   SFR3           

        CLASS   SFR4           

        CLASS   SFR5           

        CLASS   SFR6           

        CLASS   SFR7           

        CLASS   SFR8           

        CLASS   SFR9           

        CLASS   SFR10          

        CLASS   SFR11          

        CLASS   SFR12          

        CLASS   SFR13          

        CLASS   SFR14          

        CLASS   SFR15          

        CLASS   SFR16          

        CLASS   SFR17          

        CLASS   SFR18          

        CLASS   SFR19          

        CLASS   SFR20          

        CLASS   SFR21          

        CLASS   SFR22          

        CLASS   SFR23          

        CLASS   SFR24          

        CLASS   SFR25          

        CLASS   SFR26          

        CLASS   SFR27          

        CLASS   SFR28          

        CLASS   SFR29          

        CLASS   SFR30          

        CLASS   SFR31          

        CLASS   CONFIG         
                config                             8007     8007        1         0

        CLASS   IDLOC          

        CLASS   EEDATA         

        CLASS   BANK31         

        CLASS   BANK30         

        CLASS   BANK29         

        CLASS   BANK28         

        CLASS   BANK27         

        CLASS   BANK26         

        CLASS   BANK25         

        CLASS   BANK24         

        CLASS   BANK23         

        CLASS   BANK22         

        CLASS   BANK21         

        CLASS   BANK20         

        CLASS   BANK19         

        CLASS   BANK18         

        CLASS   BANK17         

        CLASS   BANK16         

        CLASS   BANK15         

        CLASS   BANK14         

        CLASS   BANK13         

        CLASS   BANK12         

        CLASS   BANK11         

        CLASS   BANK10         

        CLASS   BANK9          

        CLASS   BANK8          

        CLASS   BANK7          

        CLASS   BANK6          

        CLASS   BANK5          

        CLASS   BANK4          

        CLASS   BANK3          



SEGMENTS        Name                           Load    Length   Top    Selector   Space  Class     Delta

                reset_vec                      000000  000002  000002         0       0  CODE        2
                intentry                       000004  00020C  000210         8       0  CODE        2
                bssBANK0                       000020  000034  000054        20       1  BANK0       1
                cstackCOMMON                   000070  00000E  00007E        70       1  COMMON      1
                stringtext1                    000210  00003C  00024C       420       0  STRCODE     2
                clrtext                        00024C  000006  000252       498       0  CODE        2
                config                         008007  000001  008008     1000E       0  CONFIG      2


UNUSED ADDRESS RANGES

        Name                Unused          Largest block    Delta
        BANK0            00054-0006F              1C           1
        BANK1            000A0-000EF              50           1
        BANK2            00120-0016F              50           1
        BIGRAM           02000-020EF              F0           1
        CODE             00002-00003               2           2
                         00252-00FFF             5AE
        CONFIG           08008-08008               1           2
        CONST            00002-00003               2           2
                         00252-00FFF             100
        EEDATA           0F000-0F0FF             100           2
        ENTRY            00002-00003               2           2
                         00252-00FFF             100
        IDLOC            08000-08003               4           2
        RAM              00054-0006F              1C           1
                         000A0-000EF              50
                         00120-0016F              50
        SFR0             00000-0001F              20           1
        SFR1             00080-0009F              20           1
        SFR10            00500-0056F              70           1
        SFR11            00580-005EF              70           1
        SFR12            00600-0066F              70           1
        SFR13            00680-006EF              70           1
        SFR14            00700-0076F              70           1
        SFR15            00780-007EF              70           1
        SFR16            00800-0086F              70           1
        SFR17            00880-008EF              70           1
        SFR18            00900-0096F              70           1
        SFR19            00980-009EF              70           1
        SFR2             00100-0011F              20           1
        SFR20            00A00-00A6F              70           1
        SFR21            00A80-00AEF              70           1
        SFR22            00B00-00B6F              70           1
        SFR23            00B80-00BEF              70           1
        SFR24            00C00-00C6F              70           1
        SFR25            00C80-00CEF              70           1
        SFR26            00D00-00D6F              70           1
        SFR27            00D80-00DEF              70           1
        SFR28            00E00-00E6F              70           1
        SFR29            00E80-00EEF              70           1
        SFR3             00180-001EF              70           1
        SFR30            00F00-00F6F              70           1
        SFR31            00F80-00FEF              70           1
        SFR4             00200-0026F              70           1
        SFR5             00280-002EF              70           1
        SFR6             00300-0036F              70           1
        SFR7             00380-003EF              70           1
        SFR8             00400-0046F              70           1
        SFR9             00480-004EF              70           1
        STACK            02034-020EF              BC           1
        STRCODE          00002-00003               2           2
                         00252-00FFF             DAE
        STRING           00002-00003               2           2
                         00252-00FFF             100

                                  Symbol Table

?_compare                 cstackCOMMON 00076
?_strlen                  cstackCOMMON 00070
COM_Puts@s                cstackCOMMON 00070
_ADCON0                   (abs)        0009D
_ANSELA                   (abs)        0018C
_APFCON                   (abs)        0011D
_BRG16                    (abs)        00CFB
_BRGH                     (abs)        00CF2
_COM_Puts                 text5        0019D
_CREN                     (abs)        00CEC
_GIE                      (abs)        0005F
_OSCCON                   (abs)        00099
_PEIE                     (abs)        0005E
_PORTA                    (abs)        0000C
_RA4                      (abs)        00064
_RA5                      (abs)        00065
_RCIE                     (abs)        0048D
_RCIF                     (abs)        0008D
_RCREG                    (abs)        00199
_SPBRG                    (abs)        0019B
_SPEN                     (abs)        00CEF
_SYNC                     (abs)        00CF4
_TRISA0                   (abs)        00460
_TRISA1                   (abs)        00461
_TRISA2                   (abs)        00462
_TRISA3                   (abs)        00463
_TRISA4                   (abs)        00464
_TRISA5                   (abs)        00465
_TXEN                     (abs)        00CF5
_TXIE                     (abs)        0048C
_TXIF                     (abs)        0008C
_TXREG                    (abs)        0019A
_WPUA2                    (abs)        01062
_WPUA3                    (abs)        01063
__CFG_BOREN$OFF           (abs)        00000
__CFG_CLKOUTEN$OFF        (abs)        00000
__CFG_CP$OFF              (abs)        00000
__CFG_CPD$OFF             (abs)        00000
__CFG_FCMEN$OFF           (abs)        00000
__CFG_FOSC$INTOSC         (abs)        00000
__CFG_IESO$OFF            (abs)        00000
__CFG_MCLRE$OFF           (abs)        00000
__CFG_PWRTE$OFF           (abs)        00000
__CFG_WDTE$OFF            (abs)        00000
__Habs1                   abs1         00000
__Hbank0                  bank0        00000
__Hbank1                  bank1        00000
__Hbank10                 bank10       00000
__Hbank11                 bank11       00000
__Hbank12                 bank12       00000
__Hbank13                 bank13       00000
__Hbank14                 bank14       00000
__Hbank15                 bank15       00000
__Hbank16                 bank16       00000
__Hbank17                 bank17       00000
__Hbank18                 bank18       00000
__Hbank19                 bank19       00000
__Hbank2                  bank2        00000
__Hbank20                 bank20       00000
__Hbank21                 bank21       00000
__Hbank22                 bank22       00000
__Hbank23                 bank23       00000
__Hbank24                 bank24       00000
__Hbank25                 bank25       00000
__Hbank26                 bank26       00000
__Hbank27                 bank27       00000
__Hbank28                 bank28       00000
__Hbank29                 bank29       00000
__Hbank3                  bank3        00000
__Hbank30                 bank30       00000
__Hbank31                 bank31       00000
__Hbank4                  bank4        00000
__Hbank5                  bank5        00000
__Hbank6                  bank6        00000
__Hbank7                  bank7        00000
__Hbank8                  bank8        00000
__Hbank9                  bank9        00000
__Hbigram                 bigram       00000
__HbssBANK0               bssBANK0     00000
__HbssCOMMON              bssCOMMON    00000
__Hcinit                  cinit        0013A
__Hclrtext                clrtext      00000
__Hcode                   code         00000
__Hcommon                 common       00000
__Hconfig                 config       08008
__HcstackBANK0            cstackBANK0  00000
__HcstackCOMMON           cstackCOMMON 00000
__Heeprom_data            eeprom_data  00000
__Hend_init               end_init     0012E
__Hfunctab                functab      00000
__Hidloc                  idloc        00000
__Hinit                   init         0012C
__Hintentry               intentry     0012C
__Hmaintext               maintext     00000
__Hpowerup                powerup      00000
__Hram                    ram          00000
__Hreset_vec              reset_vec    00002
__Hsfr0                   sfr0         00000
__Hsfr1                   sfr1         00000
__Hsfr10                  sfr10        00000
__Hsfr11                  sfr11        00000
__Hsfr12                  sfr12        00000
__Hsfr13                  sfr13        00000
__Hsfr14                  sfr14        00000
__Hsfr15                  sfr15        00000
__Hsfr16                  sfr16        00000
__Hsfr17                  sfr17        00000
__Hsfr18                  sfr18        00000
__Hsfr19                  sfr19        00000
__Hsfr2                   sfr2         00000
__Hsfr20                  sfr20        00000
__Hsfr21                  sfr21        00000
__Hsfr22                  sfr22        00000
__Hsfr23                  sfr23        00000
__Hsfr24                  sfr24        00000
__Hsfr25                  sfr25        00000
__Hsfr26                  sfr26        00000
__Hsfr27                  sfr27        00000
__Hsfr28                  sfr28        00000
__Hsfr29                  sfr29        00000
__Hsfr3                   sfr3         00000
__Hsfr30                  sfr30        00000
__Hsfr31                  sfr31        00000
__Hsfr4                   sfr4         00000
__Hsfr5                   sfr5         00000
__Hsfr6                   sfr6         00000
__Hsfr7                   sfr7         00000
__Hsfr8                   sfr8         00000
__Hsfr9                   sfr9         00000
__Hspace_0                (abs)        08008
__Hspace_1                (abs)        0007E
__Hspace_2                (abs)        00000
__Hspace_3                (abs)        00000
__Hstack                  stack        00000
__Hstrings                strings      00000
__Hstringtext1            stringtext1  00000
__Hstringtext10           stringtext10 00000
__Hstringtext11           stringtext11 00000
__Hstringtext2            stringtext2  00000
__Hstringtext3            stringtext3  00000
__Hstringtext4            stringtext4  00000
__Hstringtext5            stringtext5  00000
__Hstringtext6            stringtext6  00000
__Hstringtext7            stringtext7  00000
__Hstringtext8            stringtext8  00000
__Hstringtext9            stringtext9  00000
__Htext                   text         00000
__Labs1                   abs1         00000
__Lbank0                  bank0        00000
__Lbank1                  bank1        00000
__Lbank10                 bank10       00000
__Lbank11                 bank11       00000
__Lbank12                 bank12       00000
__Lbank13                 bank13       00000
__Lbank14                 bank14       00000
__Lbank15                 bank15       00000
__Lbank16                 bank16       00000
__Lbank17                 bank17       00000
__Lbank18                 bank18       00000
__Lbank19                 bank19       00000
__Lbank2                  bank2        00000
__Lbank20                 bank20       00000
__Lbank21                 bank21       00000
__Lbank22                 bank22       00000
__Lbank23                 bank23       00000
__Lbank24                 bank24       00000
__Lbank25                 bank25       00000
__Lbank26                 bank26       00000
__Lbank27                 bank27       00000
__Lbank28                 bank28       00000
__Lbank29                 bank29       00000
__Lbank3                  bank3        00000
__Lbank30                 bank30       00000
__Lbank31                 bank31       00000
__Lbank4                  bank4        00000
__Lbank5                  bank5        00000
__Lbank6                  bank6        00000
__Lbank7                  bank7        00000
__Lbank8                  bank8        00000
__Lbank9                  bank9        00000
__Lbigram                 bigram       00000
__LbssBANK0               bssBANK0     00000
__LbssCOMMON              bssCOMMON    00000
__Lcinit                  cinit        0012E
__Lclrtext                clrtext      00000
__Lcode                   code         00000
__Lcommon                 common       00000
__Lconfig                 config       08007
__LcstackBANK0            cstackBANK0  00000
__LcstackCOMMON           cstackCOMMON 00000
__Leeprom_data            eeprom_data  00000
__Lend_init               end_init     0012C
__Lfunctab                functab      00000
__Lidloc                  idloc        00000
__Linit                   init         0012C
__Lintentry               intentry     00004
__Lmaintext               maintext     00000
__Lpowerup                powerup      00000
__Lram                    ram          00000
__Lreset_vec              reset_vec    00000
__Lsfr0                   sfr0         00000
__Lsfr1                   sfr1         00000
__Lsfr10                  sfr10        00000
__Lsfr11                  sfr11        00000
__Lsfr12                  sfr12        00000
__Lsfr13                  sfr13        00000
__Lsfr14                  sfr14        00000
__Lsfr15                  sfr15        00000
__Lsfr16                  sfr16        00000
__Lsfr17                  sfr17        00000
__Lsfr18                  sfr18        00000
__Lsfr19                  sfr19        00000
__Lsfr2                   sfr2         00000
__Lsfr20                  sfr20        00000
__Lsfr21                  sfr21        00000
__Lsfr22                  sfr22        00000
__Lsfr23                  sfr23        00000
__Lsfr24                  sfr24        00000
__Lsfr25                  sfr25        00000
__Lsfr26                  sfr26        00000
__Lsfr27                  sfr27        00000
__Lsfr28                  sfr28        00000
__Lsfr29                  sfr29        00000
__Lsfr3                   sfr3         00000
__Lsfr30                  sfr30        00000
__Lsfr31                  sfr31        00000
__Lsfr4                   sfr4         00000
__Lsfr5                   sfr5         00000
__Lsfr6                   sfr6         00000
__Lsfr7                   sfr7         00000
__Lsfr8                   sfr8         00000
__Lsfr9                   sfr9         00000
__Lspace_0                (abs)        00000
__Lspace_1                (abs)        00000
__Lspace_2                (abs)        00000
__Lspace_3                (abs)        00000
__Lstack                  stack        00000
__Lstrings                strings      00000
__Lstringtext1            stringtext1  00000
__Lstringtext10           stringtext10 00000
__Lstringtext11           stringtext11 00000
__Lstringtext2            stringtext2  00000
__Lstringtext3            stringtext3  00000
__Lstringtext4            stringtext4  00000
__Lstringtext5            stringtext5  00000
__Lstringtext6            stringtext6  00000
__Lstringtext7            stringtext7  00000
__Lstringtext8            stringtext8  00000
__Lstringtext9            stringtext9  00000
__Ltext                   text         00000
__S0                      (abs)        08008
__S1                      (abs)        0007E
__S2                      (abs)        00000
__S3                      (abs)        00000
___int_sp                 stack        00000
___latbits                (abs)        00001
___sp                     stack        00000
__end_of_COM_Puts         text5        001CA
__end_of__initialization  cinit        00136
__end_of_bouilloire_mode  text4        0019D
__end_of_compare          text2        0016D
__end_of_liaison_serie    intentry     0012C
__end_of_main             maintext     001F2
__end_of_strlen           text3        00210
__initialization          cinit        0012E
__pbssBANK0               bssBANK0     00020
__pbssCOMMON              bssCOMMON    0007D
__pcstackBANK0            cstackBANK0  00051
__pcstackCOMMON           cstackCOMMON 00070
__pintentry               intentry     00004
__pmaintext               maintext     001CA
__pstringtext1            stringtext1  00210
__pstringtext10           stringtext10 00246
__pstringtext11           stringtext11 00000
__pstringtext2            stringtext2  00216
__pstringtext3            stringtext3  0021C
__pstringtext4            stringtext4  00222
__pstringtext5            stringtext5  00228
__pstringtext6            stringtext6  0022E
__pstringtext7            stringtext7  00234
__pstringtext8            stringtext8  0023A
__pstringtext9            stringtext9  00240
__ptext2                  text2        0013A
__ptext3                  text3        001F2
__ptext4                  text4        0016D
__ptext5                  text5        0019D
__size_of_COM_Puts        (abs)        00000
__size_of_bouilloire_mode (abs)        00000
__size_of_compare         (abs)        00000
__size_of_liaison_serie   (abs)        00000
__size_of_main            (abs)        00000
__size_of_strlen          (abs)        00000
_bouilloire_mode          text4        0016D
_car                      bssCOMMON    0007D
_chaine_a_emettre         bssBANK0     00034
_compare                  text2        0013A
_i                        bssBANK0     00045
_liaison_serie            intentry     00004
_main                     maintext     001CA
_nWPUEN                   (abs)        004AF
_reception                bssBANK0     00047
_strlen                   text3        001F2
bouilloire_mode@e         cstackCOMMON 00073
bouilloire_mode@val       cstackCOMMON 00072
btemp                     (abs)        0007E
clear_ram0                clrtext      0024C
compare@chaine1           cstackCOMMON 0007A
compare@chaine2           cstackCOMMON 00076
compare@e                 cstackCOMMON 0007B
end_of_initialization     cinit        00136
int$flags                 (abs)        0007E
intlevel0                 functab      00000
intlevel1                 functab      00000
intlevel2                 functab      00000
intlevel3                 functab      00000
intlevel4                 functab      00000
intlevel5                 functab      00000
reset_vec                 reset_vec    00000
stackhi                   (abs)        020EF
stacklo                   (abs)        02034
start                     init         0012C
start_initialization      cinit        0012E
strlen@cp                 cstackCOMMON 00074
strlen@s                  cstackCOMMON 00070
wtemp0                    (abs)        0007E


FUNCTION INFORMATION:

 *************** function _main *****************
 Defined at:
		line 46 in file "bouilloire_serie.c"
 Parameters:    Size  Location     Type
		None
 Auto vars:     Size  Location     Type
		None
 Return value:  Size  Location     Type
                  2   86[None  ] int 
 Registers used:
		wreg, status,2
 Tracked objects:
		On entry : 
		On exit  : 
		Unchanged: 
 Data sizes:     COMMON   BANK0   BANK1   BANK2
      Params:         0       0       0       0
      Locals:         0       0       0       0
      Temps:          0       0       0       0
      Totals:         0       0       0       0
Total ram usage:        0 bytes
 Hardware stack levels required when called:    3
 This function calls:
		Nothing
 This function is called by:
		Startup code after reset
 This function uses a non-reentrant model


 *************** function _liaison_serie *****************
 Defined at:
		line 88 in file "bouilloire_serie.c"
 Parameters:    Size  Location     Type
		None
 Auto vars:     Size  Location     Type
		None
 Return value:  Size  Location     Type
                  1    wreg      void 
 Registers used:
		wreg, fsr0l, fsr0h, fsr1l, fsr1h, status,2, status,0, pclath, cstack
 Tracked objects:
		On entry : 
		On exit  : 
		Unchanged: 
 Data sizes:     COMMON   BANK0   BANK1   BANK2
      Params:         0       0       0       0
      Locals:         0       0       0       0
      Temps:          0       3       0       0
      Totals:         0       3       0       0
Total ram usage:        3 bytes
 Hardware stack levels used:    1
 Hardware stack levels required when called:    2
 This function calls:
		_COM_Puts
		_bouilloire_mode
		_compare
 This function is called by:
		Interrupt level 1
 This function uses a non-reentrant model


 *************** function _compare *****************
 Defined at:
		line 157 in file "bouilloire_serie.c"
 Parameters:    Size  Location     Type
  chaine1         1    wreg     PTR const unsigned char 
		 -> reception(10), 
  chaine2         2    6[COMMON] PTR const unsigned char 
		 -> STR_9(6), STR_7(6), STR_5(6), STR_3(6), 
		 -> STR_1(6), 
 Auto vars:     Size  Location     Type
  chaine1         1   10[COMMON] PTR const unsigned char 
		 -> reception(10), 
  e               2   11[COMMON] int 
 Return value:  Size  Location     Type
                  2    6[COMMON] int 
 Registers used:
		wreg, fsr0l, fsr0h, fsr1l, fsr1h, status,2, status,0, pclath, cstack
 Tracked objects:
		On entry : 
		On exit  : 
		Unchanged: 
 Data sizes:     COMMON   BANK0   BANK1   BANK2
      Params:         2       0       0       0
      Locals:         3       0       0       0
      Temps:          2       0       0       0
      Totals:         7       0       0       0
Total ram usage:        7 bytes
 Hardware stack levels used:    1
 Hardware stack levels required when called:    1
 This function calls:
		_strlen
 This function is called by:
		_liaison_serie
 This function uses a non-reentrant model


 *************** function _strlen *****************
 Defined at:
		line 4 in file "C:\Program Files (x86)\Microchip\xc8\v1.45\sources\common\strlen.c"
 Parameters:    Size  Location     Type
  s               2    0[COMMON] PTR const unsigned char 
		 -> STR_9(6), STR_7(6), STR_5(6), STR_3(6), 
		 -> STR_1(6), 
 Auto vars:     Size  Location     Type
  cp              2    4[COMMON] PTR const unsigned char 
		 -> STR_9(6), STR_7(6), STR_5(6), STR_3(6), 
		 -> STR_1(6), 
 Return value:  Size  Location     Type
                  2    0[COMMON] unsigned int 
 Registers used:
		wreg, fsr0l, fsr0h, status,2, status,0
 Tracked objects:
		On entry : 
		On exit  : 
		Unchanged: 
 Data sizes:     COMMON   BANK0   BANK1   BANK2
      Params:         2       0       0       0
      Locals:         2       0       0       0
      Temps:          2       0       0       0
      Totals:         6       0       0       0
Total ram usage:        6 bytes
 Hardware stack levels used:    1
 This function calls:
		Nothing
 This function is called by:
		_compare
 This function uses a non-reentrant model


 *************** function _bouilloire_mode *****************
 Defined at:
		line 165 in file "bouilloire_serie.c"
 Parameters:    Size  Location     Type
  val             1    wreg     unsigned char 
 Auto vars:     Size  Location     Type
  val             1    2[COMMON] unsigned char 
  e               2    3[COMMON] int 
 Return value:  Size  Location     Type
                  1    wreg      void 
 Registers used:
		wreg, status,2
 Tracked objects:
		On entry : 
		On exit  : 
		Unchanged: 
 Data sizes:     COMMON   BANK0   BANK1   BANK2
      Params:         0       0       0       0
      Locals:         3       0       0       0
      Temps:          2       0       0       0
      Totals:         5       0       0       0
Total ram usage:        5 bytes
 Hardware stack levels used:    1
 This function calls:
		Nothing
 This function is called by:
		_liaison_serie
 This function uses a non-reentrant model


 *************** function _COM_Puts *****************
 Defined at:
		line 144 in file "bouilloire_serie.c"
 Parameters:    Size  Location     Type
  s               2    0[COMMON] PTR unsigned char 
		 -> STR_10(6), STR_8(6), STR_6(6), STR_4(6), 
		 -> STR_2(6), 
 Auto vars:     Size  Location     Type
		None
 Return value:  Size  Location     Type
                  1    wreg      void 
 Registers used:
		wreg, fsr0l, fsr0h, fsr1l, fsr1h, status,2, status,0, pclath
 Tracked objects:
		On entry : 
		On exit  : 
		Unchanged: 
 Data sizes:     COMMON   BANK0   BANK1   BANK2
      Params:         2       0       0       0
      Locals:         0       0       0       0
      Temps:          1       0       0       0
      Totals:         3       0       0       0
Total ram usage:        3 bytes
 Hardware stack levels used:    1
 This function calls:
		Nothing
 This function is called by:
		_liaison_serie
 This function uses a non-reentrant model



MODULE INFORMATION

Module		Function		Class		Link	Load	Size
bouilloire_serie.c
		_bouilloire_mode		CODE           	016D	0000	49
		_compare       		CODE           	013A	0000	52
		_main          		CODE           	01CA	0000	41
		_liaison_serie 		CODE           	0004	0000	297
		_COM_Puts      		CODE           	019D	0000	46

bouilloire_serie.c estimated size: 485

shared
		__initialization		CODE           	012E	0000	9

shared estimated size: 9

C:\Program Files (x86)\Microchip\xc8\v1.45\sources\common\strlen.c
		_strlen        		CODE           	01F2	0000	31

C:\Program Files (x86)\Microchip\xc8\v1.45\sources\common\strlen.c estimated size: 31

